nohup: ignoring input
Starting DB-BERT TPC-C runs...
Recovering PostgreSQL and resetting all knobs...
📦 Removing corrupted postgresql.auto.conf...
🔁 Restarting PostgreSQL 14 ...
RAN command pg_ctlcluster 14 main restart
Waiting 5 seconds for initial startup...
⏳ Waiting for PostgreSQL to be ready...
✅ PostgreSQL 14 is ready!
PostgreSQL recovered. Proceeding with run 1...
Starting DB-BERT TPC-C run 1 at Thu Mar 12 00:32:20 UTC 2026
Completed run 1 with exit code 0
Recovering PostgreSQL and resetting all knobs...
📦 Removing corrupted postgresql.auto.conf...
🔁 Restarting PostgreSQL 14 ...
RAN command pg_ctlcluster 14 main restart
Waiting 5 seconds for initial startup...
⏳ Waiting for PostgreSQL to be ready...
✅ PostgreSQL 14 is ready!
PostgreSQL recovered. Proceeding with run 2...
Starting DB-BERT TPC-C run 2 at Thu Mar 12 07:42:59 UTC 2026
Completed run 2 with exit code 0
Recovering PostgreSQL and resetting all knobs...
📦 Removing corrupted postgresql.auto.conf...
🔁 Restarting PostgreSQL 14 ...
RAN command pg_ctlcluster 14 main restart
Waiting 5 seconds for initial startup...
⏳ Waiting for PostgreSQL to be ready...
✅ PostgreSQL 14 is ready!
PostgreSQL recovered. Proceeding with run 3...
Starting DB-BERT TPC-C run 3 at Thu Mar 12 14:54:10 UTC 2026
Completed run 3 with exit code 0
All runs completed!
Results: dbbert_tpcc_test1__performance, dbbert_tpcc_test1__configure
Logs: logs/tpcc_logs/
